CONDITIONAL WHILE STATEMENT SYMBOL TOK_NOT 
CONDITIONAL IF STATEMENT SYMBOL TOK_LE 
