CONDITIONAL IF STATEMENT SYMBOL TOK_EQ 
CONDITIONAL IF STATEMENT SYMBOL TOK_EQ 
CONDITIONAL IF STATEMENT SYMBOL TOK_EQ 
