CONDITIONAL WHILE STATEMENT SYMBOL TOK_LT 
CONDITIONAL IF STATEMENT SYMBOL TOK_GT 
