CONDITIONAL WHILE STATEMENT SYMBOL TOK_LT 
CONDITIONAL WHILE STATEMENT SYMBOL TOK_LT 
CONDITIONAL IF STATEMENT SYMBOL TOK_INDEX 
CONDITIONAL WHILE STATEMENT SYMBOL TOK_LT 
CONDITIONAL WHILE STATEMENT SYMBOL TOK_LT 
CONDITIONAL IF STATEMENT SYMBOL TOK_INDEX 
