CONDITIONAL IF STATEMENT SYMBOL TOK_NOT 
CONDITIONAL IF STATEMENT SYMBOL TOK_NE 
CONDITIONAL IF STATEMENT SYMBOL TOK_EQ 
CONDITIONAL WHILE STATEMENT SYMBOL TOK_IDENT 
CONDITIONAL IF STATEMENT SYMBOL TOK_EQ 
CONDITIONAL IF STATEMENT SYMBOL TOK_LT 
CONDITIONAL IF STATEMENT SYMBOL TOK_GT 
CONDITIONAL IF STATEMENT SYMBOL TOK_IDENT 
CONDITIONAL WHILE STATEMENT SYMBOL TOK_LT 
