CONDITIONAL WHILE STATEMENT SYMBOL TOK_GT 
CONDITIONAL WHILE STATEMENT SYMBOL TOK_LE 
