CONDITIONAL WHILE STATEMENT SYMBOL TOK_NE 
CONDITIONAL IF STATEMENT SYMBOL TOK_EQ 
