CONDITIONAL IF STATEMENT SYMBOL TOK_NOT 
CONDITIONAL IF STATEMENT SYMBOL TOK_NOT 
CONDITIONAL WHILE STATEMENT SYMBOL TOK_LT 
CONDITIONAL WHILE STATEMENT SYMBOL TOK_NOT 
