CONDITIONAL WHILE STATEMENT SYMBOL TOK_LT 
CONDITIONAL IF STATEMENT SYMBOL TOK_EQ 
CONDITIONAL IF STATEMENT SYMBOL TOK_EQ 
CONDITIONAL IF STATEMENT SYMBOL TOK_EQ 
CONDITIONAL WHILE STATEMENT SYMBOL TOK_LT 
CONDITIONAL IF STATEMENT SYMBOL TOK_EQ 
CONDITIONAL WHILE STATEMENT SYMBOL TOK_LT 
CONDITIONAL IF STATEMENT SYMBOL TOK_CALL 
