CONDITIONAL WHILE STATEMENT SYMBOL TOK_LT 
CONDITIONAL WHILE STATEMENT SYMBOL TOK_LT 
