CONDITIONAL IF STATEMENT SYMBOL TOK_LT 
CONDITIONAL IF STATEMENT SYMBOL TOK_NOT 
CONDITIONAL IF STATEMENT SYMBOL TOK_NOT 
CONDITIONAL IF STATEMENT SYMBOL TOK_NOT 
