CONDITIONAL WHILE STATEMENT SYMBOL TOK_IDENT 
CONDITIONAL IF STATEMENT SYMBOL TOK_NE 
CONDITIONAL IF STATEMENT SYMBOL TOK_EQ 
CONDITIONAL IF STATEMENT SYMBOL TOK_EQ 
CONDITIONAL WHILE STATEMENT SYMBOL TOK_LT 
CONDITIONAL WHILE STATEMENT SYMBOL TOK_IDENT 
CONDITIONAL IF STATEMENT SYMBOL TOK_EQ 
CONDITIONAL IF STATEMENT SYMBOL TOK_LE 
CONDITIONAL WHILE STATEMENT SYMBOL TOK_LT 
CONDITIONAL WHILE STATEMENT SYMBOL TOK_INTCON 
CONDITIONAL IF STATEMENT SYMBOL TOK_EQ 
CONDITIONAL IF STATEMENT SYMBOL TOK_EQ 
